// Jest Snapshot v1, https://goo.gl/fbAQLP

exports[`snapshot is correct 1`] = `
<div>
  <div
    class="css-1x3r7k1"
    data-testid="Header"
  >
    <h1>
      Workout Timer
    </h1>
    <button
      class="css-yh1oe3"
    >
      <svg
        height="24"
        width="24"
        xmlns="http://www.w3.org/2000/svg"
      >
        <path
          d="M12 7a5 5 0 110 10 5 5 0 010-10m0 2a3 3 0 100 6 3 3 0 000-6m0-7l2 3a7 7 0 00-4 0l2-3M3 7h5a7 7 0 00-3 4L3 7m0 10l2-4a7 7 0 003 4H3M21 7l-2 4a7 7 0 00-2-4h4m0 10h-4a7 7 0 002-4l2 4m-9 5l-2-3h4l-2 3z"
        />
      </svg>
    </button>
    <div
      class="css-1ddwmy4"
    >
      <select
        class="css-1pfapa5"
        data-testid="Header__hours"
        type="number"
      >
        <option
          value="0"
        >
          00
        </option>
        <option
          value="1"
        >
          01
        </option>
        <option
          value="2"
        >
          02
        </option>
        <option
          value="3"
        >
          03
        </option>
        <option
          value="4"
        >
          04
        </option>
        <option
          value="5"
        >
          05
        </option>
        <option
          value="6"
        >
          06
        </option>
        <option
          value="7"
        >
          07
        </option>
        <option
          value="8"
        >
          08
        </option>
        <option
          value="9"
        >
          09
        </option>
        <option
          value="10"
        >
          10
        </option>
        <option
          value="11"
        >
          11
        </option>
        <option
          value="12"
        >
          12
        </option>
        <option
          value="13"
        >
          13
        </option>
        <option
          value="14"
        >
          14
        </option>
        <option
          value="15"
        >
          15
        </option>
        <option
          value="16"
        >
          16
        </option>
        <option
          value="17"
        >
          17
        </option>
        <option
          value="18"
        >
          18
        </option>
        <option
          value="19"
        >
          19
        </option>
        <option
          value="20"
        >
          20
        </option>
        <option
          value="21"
        >
          21
        </option>
        <option
          value="22"
        >
          22
        </option>
        <option
          value="23"
        >
          23
        </option>
        <option
          value="24"
        >
          24
        </option>
      </select>
      <span>
        :
      </span>
      <select
        class="css-1pfapa5"
        data-testid="Header__minutes"
        type="number"
      >
        <option
          value="0"
        >
          00
        </option>
        <option
          value="1"
        >
          01
        </option>
        <option
          value="2"
        >
          02
        </option>
        <option
          value="3"
        >
          03
        </option>
        <option
          value="4"
        >
          04
        </option>
        <option
          value="5"
        >
          05
        </option>
        <option
          value="6"
        >
          06
        </option>
        <option
          value="7"
        >
          07
        </option>
        <option
          value="8"
        >
          08
        </option>
        <option
          value="9"
        >
          09
        </option>
        <option
          value="10"
        >
          10
        </option>
        <option
          value="11"
        >
          11
        </option>
        <option
          value="12"
        >
          12
        </option>
        <option
          value="13"
        >
          13
        </option>
        <option
          value="14"
        >
          14
        </option>
        <option
          value="15"
        >
          15
        </option>
        <option
          value="16"
        >
          16
        </option>
        <option
          value="17"
        >
          17
        </option>
        <option
          value="18"
        >
          18
        </option>
        <option
          value="19"
        >
          19
        </option>
        <option
          value="20"
        >
          20
        </option>
        <option
          value="21"
        >
          21
        </option>
        <option
          value="22"
        >
          22
        </option>
        <option
          value="23"
        >
          23
        </option>
        <option
          value="24"
        >
          24
        </option>
        <option
          value="25"
        >
          25
        </option>
        <option
          value="26"
        >
          26
        </option>
        <option
          value="27"
        >
          27
        </option>
        <option
          value="28"
        >
          28
        </option>
        <option
          value="29"
        >
          29
        </option>
        <option
          value="30"
        >
          30
        </option>
        <option
          value="31"
        >
          31
        </option>
        <option
          value="32"
        >
          32
        </option>
        <option
          value="33"
        >
          33
        </option>
        <option
          value="34"
        >
          34
        </option>
        <option
          value="35"
        >
          35
        </option>
        <option
          value="36"
        >
          36
        </option>
        <option
          value="37"
        >
          37
        </option>
        <option
          value="38"
        >
          38
        </option>
        <option
          value="39"
        >
          39
        </option>
        <option
          value="40"
        >
          40
        </option>
        <option
          value="41"
        >
          41
        </option>
        <option
          value="42"
        >
          42
        </option>
        <option
          value="43"
        >
          43
        </option>
        <option
          value="44"
        >
          44
        </option>
        <option
          value="45"
        >
          45
        </option>
        <option
          value="46"
        >
          46
        </option>
        <option
          value="47"
        >
          47
        </option>
        <option
          value="48"
        >
          48
        </option>
        <option
          value="49"
        >
          49
        </option>
        <option
          value="50"
        >
          50
        </option>
        <option
          value="51"
        >
          51
        </option>
        <option
          value="52"
        >
          52
        </option>
        <option
          value="53"
        >
          53
        </option>
        <option
          value="54"
        >
          54
        </option>
        <option
          value="55"
        >
          55
        </option>
        <option
          value="56"
        >
          56
        </option>
        <option
          value="57"
        >
          57
        </option>
        <option
          value="58"
        >
          58
        </option>
        <option
          value="59"
        >
          59
        </option>
      </select>
      <span>
        :
      </span>
      <select
        class="css-1pfapa5"
        data-testid="Header__seconds"
        type="number"
      >
        <option
          value="0"
        >
          00
        </option>
        <option
          value="1"
        >
          01
        </option>
        <option
          value="2"
        >
          02
        </option>
        <option
          value="3"
        >
          03
        </option>
        <option
          value="4"
        >
          04
        </option>
        <option
          value="5"
        >
          05
        </option>
        <option
          value="6"
        >
          06
        </option>
        <option
          value="7"
        >
          07
        </option>
        <option
          value="8"
        >
          08
        </option>
        <option
          value="9"
        >
          09
        </option>
        <option
          value="10"
        >
          10
        </option>
        <option
          value="11"
        >
          11
        </option>
        <option
          value="12"
        >
          12
        </option>
        <option
          value="13"
        >
          13
        </option>
        <option
          value="14"
        >
          14
        </option>
        <option
          value="15"
        >
          15
        </option>
        <option
          value="16"
        >
          16
        </option>
        <option
          value="17"
        >
          17
        </option>
        <option
          value="18"
        >
          18
        </option>
        <option
          value="19"
        >
          19
        </option>
        <option
          value="20"
        >
          20
        </option>
        <option
          value="21"
        >
          21
        </option>
        <option
          value="22"
        >
          22
        </option>
        <option
          value="23"
        >
          23
        </option>
        <option
          value="24"
        >
          24
        </option>
        <option
          value="25"
        >
          25
        </option>
        <option
          value="26"
        >
          26
        </option>
        <option
          value="27"
        >
          27
        </option>
        <option
          value="28"
        >
          28
        </option>
        <option
          value="29"
        >
          29
        </option>
        <option
          value="30"
        >
          30
        </option>
        <option
          value="31"
        >
          31
        </option>
        <option
          value="32"
        >
          32
        </option>
        <option
          value="33"
        >
          33
        </option>
        <option
          value="34"
        >
          34
        </option>
        <option
          value="35"
        >
          35
        </option>
        <option
          value="36"
        >
          36
        </option>
        <option
          value="37"
        >
          37
        </option>
        <option
          value="38"
        >
          38
        </option>
        <option
          value="39"
        >
          39
        </option>
        <option
          value="40"
        >
          40
        </option>
        <option
          value="41"
        >
          41
        </option>
        <option
          value="42"
        >
          42
        </option>
        <option
          value="43"
        >
          43
        </option>
        <option
          value="44"
        >
          44
        </option>
        <option
          value="45"
        >
          45
        </option>
        <option
          value="46"
        >
          46
        </option>
        <option
          value="47"
        >
          47
        </option>
        <option
          value="48"
        >
          48
        </option>
        <option
          value="49"
        >
          49
        </option>
        <option
          value="50"
        >
          50
        </option>
        <option
          value="51"
        >
          51
        </option>
        <option
          value="52"
        >
          52
        </option>
        <option
          value="53"
        >
          53
        </option>
        <option
          value="54"
        >
          54
        </option>
        <option
          value="55"
        >
          55
        </option>
        <option
          value="56"
        >
          56
        </option>
        <option
          value="57"
        >
          57
        </option>
        <option
          value="58"
        >
          58
        </option>
        <option
          value="59"
        >
          59
        </option>
      </select>
    </div>
  </div>
</div>
`;
