// Jest Snapshot v1, https://goo.gl/fbAQLP

exports[`snapshot is correct 1`] = `
<body>
  <div>
    <div
      class="css-uh9obs"
    >
      <h1>
        Workout Timer
      </h1>
      <button
        class="css-yh1oe3"
      >
        <svg
          height="24"
          width="24"
          xmlns="http://www.w3.org/2000/svg"
        >
          <path
            d="M12 7a5 5 0 110 10 5 5 0 010-10m0 2a3 3 0 100 6 3 3 0 000-6m0-7l2 3a7 7 0 00-4 0l2-3M3 7h5a7 7 0 00-3 4L3 7m0 10l2-4a7 7 0 003 4H3M21 7l-2 4a7 7 0 00-2-4h4m0 10h-4a7 7 0 002-4l2 4m-9 5l-2-3h4l-2 3z"
          />
        </svg>
      </button>
      <h2
        class="css-10xeong"
      >
        <div
          contenteditable="true"
        >
          00
        </div>
        :
        <div
          contenteditable="true"
        >
          06
        </div>
        :
        <div
          contenteditable="true"
        >
          00
        </div>
      </h2>
    </div>
  </div>
</body>
`;
